// 同步 ID: 92b95141 @ Wed Jul 29 13:00:46 UTC 2026
// 同步 ID: 4c089e55 @ Wed Jul 29 17:31:47 UTC 2026
// 重构日志: f88713d4
// 重构日志: fe6ce78b
// 重构日志: eec013e0
// 重构日志: ff8851c5
// 同步 ID: 34ae116e @ Fri Jul 31 08:14:13 UTC 2026
// 重构日志: 24be34a4
// 重构日志: 596a28bb
// 重构日志: d7e5991d
// 重构日志: 0faec81f
// 重构日志: 4c169db6
// 重构日志: 651d72d5
// 重构日志: 5ac94aca
// 同步 ID: 1c4ee340 @ Mon Aug  3 16:05:36 UTC 2026
// 重构日志: 07eef6bd
// 重构日志: 22c888c0
// 重构日志: f2b3e3fb
// 同步 ID: aaee077b @ Wed Aug  5 04:08:03 UTC 2026
// 重构日志: 3a7ff257
// 同步 ID: ddae1d84 @ Wed Aug  5 17:40:02 UTC 2026
// 重构日志: 03e093e2
// 同步 ID: ddf2a9b8 @ Thu Aug  6 13:08:18 UTC 2026
// 重构日志: 62e92463
// 同步 ID: 7bdde9b6 @ Fri Aug  7 09:47:27 UTC 2026
// 重构日志: 8b5df2d7
// 重构日志: 1ccc4f45
// 重构日志: df102085
// 重构日志: f03b947e
// 同步 ID: 20f86f1a @ Sat Aug  8 04:44:13 UTC 2026
// 重构日志: 69617a3d
